[2026-07-10T04:00:09.797Z] Démarrage de la compression de la base de données...
-> Compression des données de 1 à 7 jours (résolution 5 min)...
-> Compression des données de plus de 7 jours (résolution 15 min)...
-> Opérations SQL réussies. Lancement du VACUUM...
[2026-07-10T04:00:10.056Z] Compression terminée avec succès !
[2026-07-11T04:00:05.399Z] Démarrage de la compression de la base de données...
-> Compression des données de 1 à 7 jours (résolution 5 min)...
-> Compression des données de plus de 7 jours (résolution 15 min)...
-> Opérations SQL réussies. Lancement du VACUUM...
[2026-07-11T04:00:05.571Z] Compression terminée avec succès !
[2026-07-12T04:00:02.349Z] Démarrage de la compression de la base de données...
-> Compression des données de 1 à 7 jours (résolution 5 min)...
-> Compression des données de plus de 7 jours (résolution 15 min)...
-> Opérations SQL réussies. Lancement du VACUUM...
[2026-07-12T04:00:02.519Z] Compression terminée avec succès !
[2026-07-13T04:00:01.994Z] Démarrage de la compression de la base de données...
-> Compression des données de 1 à 7 jours (résolution 5 min)...
-> Compression des données de plus de 7 jours (résolution 15 min)...
-> Opérations SQL réussies. Lancement du VACUUM...
[2026-07-13T04:00:02.189Z] Compression terminée avec succès !
[2026-07-14T04:00:02.325Z] Démarrage de la compression de la base de données...
-> Compression des données de 1 à 7 jours (résolution 5 min)...
-> Compression des données de plus de 7 jours (résolution 15 min)...
-> Opérations SQL réussies. Lancement du VACUUM...
[2026-07-14T04:00:02.534Z] Compression terminée avec succès !
[2026-07-15T04:00:02.412Z] Démarrage de la compression de la base de données...
-> Compression des données de 1 à 7 jours (résolution 5 min)...
-> Compression des données de plus de 7 jours (résolution 15 min)...
-> Opérations SQL réussies. Lancement du VACUUM...
[2026-07-15T04:00:02.714Z] Compression terminée avec succès !
[2026-07-16T04:00:02.418Z] Démarrage de la compression de la base de données...
-> Compression des données de 1 à 7 jours (résolution 5 min)...
-> Compression des données de plus de 7 jours (résolution 15 min)...
-> Opérations SQL réussies. Lancement du VACUUM...
[2026-07-16T04:00:02.636Z] Compression terminée avec succès !
[2026-07-17T04:00:02.602Z] Démarrage de la compression de la base de données...
-> Compression des données de 1 à 7 jours (résolution 5 min)...
-> Compression des données de plus de 7 jours (résolution 15 min)...
-> Opérations SQL réussies. Lancement du VACUUM...
[2026-07-17T04:00:02.832Z] Compression terminée avec succès !
[2026-07-18T04:00:02.161Z] Démarrage de la compression de la base de données...
-> Compression des données de 1 à 7 jours (résolution 5 min)...
-> Compression des données de plus de 7 jours (résolution 15 min)...
-> Opérations SQL réussies. Lancement du VACUUM...
[2026-07-18T04:00:02.483Z] Compression terminée avec succès !
[2026-07-19T04:00:02.156Z] Démarrage de la compression de la base de données...
-> Compression des données de 1 à 7 jours (résolution 5 min)...
-> Compression des données de plus de 7 jours (résolution 15 min)...
-> Opérations SQL réussies. Lancement du VACUUM...
[2026-07-19T04:00:02.393Z] Compression terminée avec succès !
[2026-07-20T04:00:02.147Z] Démarrage de la compression de la base de données...
-> Compression des données de 1 à 7 jours (résolution 5 min)...
-> Compression des données de plus de 7 jours (résolution 15 min)...
-> Opérations SQL réussies. Lancement du VACUUM...
[2026-07-20T04:00:02.394Z] Compression terminée avec succès !
[2026-07-21T04:00:02.143Z] Démarrage de la compression de la base de données...
-> Compression des données de 1 à 7 jours (résolution 5 min)...
-> Compression des données de plus de 7 jours (résolution 15 min)...
-> Opérations SQL réussies. Lancement du VACUUM...
[2026-07-21T04:00:02.479Z] Compression terminée avec succès !
[2026-07-23T04:00:05.517Z] Démarrage de la compression de la base de données...
-> Compression des données de 1 à 7 jours (résolution 5 min)...
-> Compression des données de plus de 7 jours (résolution 15 min)...
-> Opérations SQL réussies. Lancement du VACUUM...
[2026-07-23T04:00:06.049Z] Compression terminée avec succès !
[2026-07-24T04:00:02.233Z] Démarrage de la compression de la base de données...
-> Compression des données de 1 à 7 jours (résolution 5 min)...
-> Compression des données de plus de 7 jours (résolution 15 min)...
-> Opérations SQL réussies. Lancement du VACUUM...
[2026-07-24T04:00:02.386Z] Compression terminée avec succès !
[2026-07-25T04:00:01.969Z] Démarrage de la compression de la base de données...
-> Compression des données de 1 à 7 jours (résolution 5 min)...
-> Compression des données de plus de 7 jours (résolution 15 min)...
-> Opérations SQL réussies. Lancement du VACUUM...
[2026-07-25T04:00:02.125Z] Compression terminée avec succès !
[2026-07-26T04:00:02.723Z] Démarrage de la compression de la base de données...
-> Compression des données de 1 à 7 jours (résolution 5 min)...
-> Compression des données de plus de 7 jours (résolution 15 min)...
-> Opérations SQL réussies. Lancement du VACUUM...
[2026-07-26T04:00:02.885Z] Compression terminée avec succès !
[2026-07-27T04:00:02.494Z] Démarrage de la compression de la base de données...
-> Compression des données de 1 à 7 jours (résolution 5 min)...
-> Compression des données de plus de 7 jours (résolution 15 min)...
-> Opérations SQL réussies. Lancement du VACUUM...
[2026-07-27T04:00:02.654Z] Compression terminée avec succès !
[2026-07-28T04:00:02.076Z] Démarrage de la compression de la base de données...
-> Compression des données de 1 à 7 jours (résolution 5 min)...
-> Compression des données de plus de 7 jours (résolution 15 min)...
-> Opérations SQL réussies. Lancement du VACUUM...
[2026-07-28T04:00:02.289Z] Compression terminée avec succès !
