Rapport ERC (mer. 29 avril 2026 17:22:12, Encodage UTF8)

***** Feuille /
[pin_to_pin]: Les pins de type Bidirectionnel et Non spécifié sont connectées
    ; Severity: warning
    @(66,0400 mm, 135,8900 mm): Symbol U11 Pin 3 [S2, Bidirectionnel, Ligne]
    @(220,9800 mm, 85,0900 mm): Symbol U13 Pin 8 [VBUS, Non spécifié, Ligne]
[pin_to_pin]: Les pins de type Passive et Non spécifié sont connectées
    ; Severity: warning
    @(41,9100 mm, 77,4700 mm): Symbol J4 Pin 2 [Pin_2, Passive, Ligne]
    @(220,9800 mm, 80,0100 mm): Symbol U13 Pin 6 [VS, Non spécifié, Ligne]
[pin_to_pin]: Les pins de type Passive et Non spécifié sont connectées
    ; Severity: warning
    @(41,9100 mm, 93,9800 mm): Symbol J2 Pin 2 [Pin_2, Passive, Ligne]
    @(220,9800 mm, 80,0100 mm): Symbol U13 Pin 6 [VS, Non spécifié, Ligne]
[pin_to_pin]: Les pins de type Passive et Non spécifié sont connectées
    ; Severity: warning
    @(41,9100 mm, 104,1400 mm): Symbol J1 Pin 2 [Pin_2, Passive, Ligne]
    @(220,9800 mm, 80,0100 mm): Symbol U13 Pin 6 [VS, Non spécifié, Ligne]
[pin_to_pin]: Les pins de type Passive et Non spécifié sont connectées
    ; Severity: warning
    @(41,9100 mm, 86,3600 mm): Symbol J3 Pin 2 [Pin_2, Passive, Ligne]
    @(220,9800 mm, 80,0100 mm): Symbol U13 Pin 6 [VS, Non spécifié, Ligne]
[lib_symbol_issues]: Symbole ISOM8600DFGR a été modifé en librairie '2026-04-27_21-45-18'
    ; Severity: warning
    @(35,5600 mm, 160,0200 mm): Symbole U15 [ISOM8600DFGR]
[pin_to_pin]: Les pins de type Power output et Bidirectionnel sont connectées
    ; Severity: warning
    @(76,2000 mm, 153,6700 mm): Symbol #FLG07 Pin 1 [pwr, Power output, Ligne]
    @(66,0400 mm, 133,3500 mm): Symbol U11 Pin 4 [S1, Bidirectionnel, Ligne]
[pin_to_pin]: Les pins de type Power output et Bidirectionnel sont connectées
    ; Severity: warning
    @(76,2000 mm, 153,6700 mm): Symbol #FLG07 Pin 1 [pwr, Power output, Ligne]
    @(66,0400 mm, 160,0200 mm): Symbol U15 Pin 4 [S1, Bidirectionnel, Ligne]
[pin_to_pin]: Les pins de type Power output et Bidirectionnel sont connectées
    ; Severity: warning
    @(76,2000 mm, 153,6700 mm): Symbol #FLG07 Pin 1 [pwr, Power output, Ligne]
    @(66,0400 mm, 162,5600 mm): Symbol U15 Pin 3 [S2, Bidirectionnel, Ligne]
[pin_to_pin]: Les pins de type Power output et Bidirectionnel sont connectées
    ; Severity: warning
    @(76,2000 mm, 153,6700 mm): Symbol #FLG07 Pin 1 [pwr, Power output, Ligne]
    @(135,8900 mm, 139,7000 mm): Symbol U9 Pin 3 [S2, Bidirectionnel, Ligne]
[pin_to_pin]: Les pins de type Power output et Bidirectionnel sont connectées
    ; Severity: warning
    @(76,2000 mm, 153,6700 mm): Symbol #FLG07 Pin 1 [pwr, Power output, Ligne]
    @(135,8900 mm, 139,7000 mm): Symbol U9 Pin 3 [S2, Bidirectionnel, Ligne]
[pin_to_pin]: Les pins de type Power output et Bidirectionnel sont connectées
    ; Severity: warning
    @(76,2000 mm, 153,6700 mm): Symbol #FLG07 Pin 1 [pwr, Power output, Ligne]
    @(135,8900 mm, 139,7000 mm): Symbol U9 Pin 3 [S2, Bidirectionnel, Ligne]
[lib_symbol_issues]: Symbole ISOM8600DFGR a été modifé en librairie '2026-04-27_21-45-18'
    ; Severity: warning
    @(35,5600 mm, 133,3500 mm): Symbole U11 [ISOM8600DFGR]
[lib_symbol_issues]: Symbole MIC5283-3.3YME a été modifé en librairie '2026-04-27_22-14-49'
    ; Severity: warning
    @(199,3900 mm, 130,8100 mm): Symbole U4 [MIC5283-3.3YME]
[pin_to_pin]: Les pins de type Bidirectionnel et Non spécifié sont connectées
    ; Severity: warning
    @(228,6000 mm, 49,5300 mm): Symbol U10 Pin 24 [IO2, Bidirectionnel, Ligne]
    @(261,6200 mm, 85,0900 mm): Symbol U13 Pin 3 [ALERT, Non spécifié, Ligne]
[pin_to_pin]: Les pins de type Bidirectionnel et Non spécifié sont connectées
    ; Severity: warning
    @(198,1200 mm, 49,5300 mm): Symbol U10 Pin 33 [IO21, Bidirectionnel, Ligne]
    @(261,6200 mm, 82,5500 mm): Symbol U13 Pin 4 [SDA, Non spécifié, Ligne]
[pin_to_pin]: Les pins de type Bidirectionnel et Non spécifié sont connectées
    ; Severity: warning
    @(195,5800 mm, 49,5300 mm): Symbol U10 Pin 36 [IO22, Bidirectionnel, Ligne]
    @(261,6200 mm, 80,0100 mm): Symbol U13 Pin 5 [SCL, Non spécifié, Ligne]
[lib_symbol_issues]: Symbole ISOM8600DFGR a été modifé en librairie '2026-04-27_21-45-18'
    ; Severity: warning
    @(165,1000 mm, 91,4400 mm): Symbole U8 [ISOM8600DFGR]
[lib_symbol_issues]: Symbole ESP32-WROOM-32 a été modifé en librairie 'RF_Module'
    ; Severity: warning
    @(203,2000 mm, 34,2900 mm): Symbole U10 [ESP32-WROOM-32]
[pin_to_pin]: Les pins de type Power input et Non spécifié sont connectées
    ; Severity: warning
    @(238,7600 mm, 34,2900 mm): Symbol #PWR020 Pin cachée 1 [+3.3V, Power input, Ligne]]
    @(220,9800 mm, 80,0100 mm): Symbol U13 Pin 6 [VS, Non spécifié, Ligne]
[pin_to_pin]: Les pins de type Power input et Non spécifié sont connectées
    ; Severity: warning
    @(238,7600 mm, 34,2900 mm): Symbol U10 Pin 2 [VDD, Power input, Ligne]
    @(220,9800 mm, 80,0100 mm): Symbol U13 Pin 6 [VS, Non spécifié, Ligne]
[lib_symbol_issues]: Symbole MCP23017-E/SO a été modifé en librairie '2026-04-27_21-56-06'
    ; Severity: warning
    @(113,0300 mm, 58,4200 mm): Symbole U3 [MCP23017-E/SO]
[pin_to_pin]: Les pins de type Power input et Non spécifié sont connectées
    ; Severity: warning
    @(113,0300 mm, 38,1000 mm): Symbol #PWR05 Pin cachée 1 [+3.3V, Power input, Ligne]]
    @(220,9800 mm, 80,0100 mm): Symbol U13 Pin 6 [VS, Non spécifié, Ligne]
[no_connect_dangling]: Indicateur  "Pas de connexion" flottant
    ; Severity: warning
    @(113,0300 mm, 33,0200 mm): Non Connexion
[no_connect_dangling]: Indicateur  "Pas de connexion" flottant
    ; Severity: warning
    @(113,0300 mm, 25,4000 mm): Non Connexion
[pin_to_pin]: Les pins de type Non spécifié et Bidirectionnel sont connectées
    ; Severity: warning
    @(261,6200 mm, 80,0100 mm): Symbol U13 Pin 5 [SCL, Non spécifié, Ligne]
    @(113,0300 mm, 30,4800 mm): Symbol U3 Pin 12 [SCL, Bidirectionnel, Ligne]
[pin_to_pin]: Les pins de type Non spécifié et Bidirectionnel sont connectées
    ; Severity: warning
    @(261,6200 mm, 82,5500 mm): Symbol U13 Pin 4 [SDA, Non spécifié, Ligne]
    @(113,0300 mm, 27,9400 mm): Symbol U3 Pin 13 [SDA, Bidirectionnel, Ligne]
[pin_to_pin]: Les pins de type Non spécifié et Bidirectionnel sont connectées
    ; Severity: warning
    @(220,9800 mm, 85,0900 mm): Symbol U13 Pin 8 [VBUS, Non spécifié, Ligne]
    @(135,8900 mm, 113,0300 mm): Symbol U7 Pin 3 [S2, Bidirectionnel, Ligne]
[pin_to_pin]: Les pins de type Non spécifié et Entrée sont connectées
    ; Severity: warning
    @(220,9800 mm, 80,0100 mm): Symbol U13 Pin 6 [VS, Non spécifié, Ligne]
    @(46,9900 mm, 33,0200 mm): Symbol U3 Pin 18 [*RESET, Entrée, Ligne]
[pin_to_pin]: Les pins de type Non spécifié et Power input sont connectées
    ; Severity: warning
    @(220,9800 mm, 80,0100 mm): Symbol U13 Pin 6 [VS, Non spécifié, Ligne]
    @(113,0300 mm, 38,1000 mm): Symbol U3 Pin 9 [VDD, Power input, Ligne]
[pin_to_pin]: Les pins de type Non spécifié et Power input sont connectées
    ; Severity: warning
    @(220,9800 mm, 80,0100 mm): Symbol U13 Pin 6 [VS, Non spécifié, Ligne]
    @(218,4400 mm, 80,0100 mm): Symbol #PWR018 Pin cachée 1 [+3.3V, Power input, Ligne]]
[pin_to_pin]: Les pins de type Non spécifié et Bidirectionnel sont connectées
    ; Severity: warning
    @(220,9800 mm, 85,0900 mm): Symbol U13 Pin 8 [VBUS, Non spécifié, Ligne]
    @(195,5800 mm, 93,9800 mm): Symbol U8 Pin 3 [S2, Bidirectionnel, Ligne]
[pin_to_pin]: Les pins de type Non spécifié et Bidirectionnel sont connectées
    ; Severity: warning
    @(220,9800 mm, 85,0900 mm): Symbol U13 Pin 8 [VBUS, Non spécifié, Ligne]
    @(135,8900 mm, 113,0300 mm): Symbol U7 Pin 3 [S2, Bidirectionnel, Ligne]
[pin_to_pin]: Les pins de type Non spécifié et Bidirectionnel sont connectées
    ; Severity: warning
    @(220,9800 mm, 85,0900 mm): Symbol U13 Pin 8 [VBUS, Non spécifié, Ligne]
    @(135,8900 mm, 113,0300 mm): Symbol U7 Pin 3 [S2, Bidirectionnel, Ligne]
[pin_to_pin]: Les pins de type Non spécifié et Bidirectionnel sont connectées
    ; Severity: warning
    @(220,9800 mm, 80,0100 mm): Symbol U13 Pin 6 [VS, Non spécifié, Ligne]
    @(261,6200 mm, 90,1700 mm): Symbol U13 Pin 1 [A1, Bidirectionnel, Ligne]
[pin_to_pin]: Les pins de type Non spécifié et Power input sont connectées
    ; Severity: warning
    @(220,9800 mm, 80,0100 mm): Symbol U13 Pin 6 [VS, Non spécifié, Ligne]
    @(245,1100 mm, 133,3500 mm): Symbol #PWR012 Pin cachée 1 [+3.3V, Power input, Ligne]]
[pin_to_pin]: Les pins de type Non spécifié et Power input sont connectées
    ; Severity: warning
    @(220,9800 mm, 80,0100 mm): Symbol U13 Pin 6 [VS, Non spécifié, Ligne]
    @(46,9900 mm, 33,0200 mm): Symbol #PWR027 Pin cachée 1 [+3.3V, Power input, Ligne]]
[pin_to_pin]: Les pins de type Non spécifié et Passive sont connectées
    ; Severity: warning
    @(220,9800 mm, 80,0100 mm): Symbol U13 Pin 6 [VS, Non spécifié, Ligne]
    @(250,1900 mm, 137,1600 mm): Symbol D1 Pin 2 [A, Passive, Ligne]
[pin_to_pin]: Les pins de type Non spécifié et Entrée sont connectées
    ; Severity: warning
    @(220,9800 mm, 80,0100 mm): Symbol U13 Pin 6 [VS, Non spécifié, Ligne]
    @(240,0300 mm, 138,4300 mm): Symbol U4 Pin 6 [SNS, Entrée, Ligne]
[pin_to_pin]: Les pins de type Non spécifié et Power output sont connectées
    ; Severity: warning
    @(220,9800 mm, 80,0100 mm): Symbol U13 Pin 6 [VS, Non spécifié, Ligne]
    @(240,0300 mm, 133,3500 mm): Symbol U4 Pin 8 [VOUT, Power output, Ligne]
[pin_to_pin]: Les pins de type Non spécifié et Passive sont connectées
    ; Severity: warning
    @(220,9800 mm, 80,0100 mm): Symbol U13 Pin 6 [VS, Non spécifié, Ligne]
    @(128,2700 mm, 100,3300 mm): Symbol R4 Pin 1 [Passive, Ligne]
[pin_to_pin]: Les pins de type Non spécifié et Power input sont connectées
    ; Severity: warning
    @(220,9800 mm, 80,0100 mm): Symbol U13 Pin 6 [VS, Non spécifié, Ligne]
    @(170,1800 mm, 91,4400 mm): Symbol #PWR032 Pin cachée 1 [+3.3V, Power input, Ligne]]
[pin_to_pin]: Les pins de type Bidirectionnel et Power output sont connectées
    ; Severity: warning
    @(261,6200 mm, 87,6300 mm): Symbol U13 Pin 2 [A0, Bidirectionnel, Ligne]
    @(240,0300 mm, 140,9700 mm): Symbol #FLG02 Pin 1 [pwr, Power output, Ligne]
[pin_to_pin]: Les pins de type Power input et Non spécifié sont connectées
    ; Severity: warning
    @(261,6200 mm, 90,1700 mm): Symbol #PWR025 Pin cachée 1 [+3.3V, Power input, Ligne]]
    @(220,9800 mm, 80,0100 mm): Symbol U13 Pin 6 [VS, Non spécifié, Ligne]
[pin_to_pin]: Les pins de type Bidirectionnel et Power output sont connectées
    ; Severity: warning
    @(261,6200 mm, 90,1700 mm): Symbol U13 Pin 1 [A1, Bidirectionnel, Ligne]
    @(240,0300 mm, 133,3500 mm): Symbol U4 Pin 8 [VOUT, Power output, Ligne]

***** Feuille /Batterie_input1/
[lib_symbol_issues]: Symbole ISOM8600DFGR a été modifé en librairie '2026-04-27_21-45-18'
    ; Severity: warning
    @(105,4100 mm, 137,1600 mm): Symbole U9 [ISOM8600DFGR]
[lib_symbol_issues]: Symbole ISOM8600DFGR a été modifé en librairie '2026-04-27_21-45-18'
    ; Severity: warning
    @(105,4100 mm, 110,4900 mm): Symbole U7 [ISOM8600DFGR]

***** Feuille /Batterie_input2/
[lib_symbol_issues]: Symbole ISOM8600DFGR a été modifé en librairie '2026-04-27_21-45-18'
    ; Severity: warning
    @(105,4100 mm, 137,1600 mm): Symbole U9 [ISOM8600DFGR]
[lib_symbol_issues]: Symbole ISOM8600DFGR a été modifé en librairie '2026-04-27_21-45-18'
    ; Severity: warning
    @(105,4100 mm, 110,4900 mm): Symbole U7 [ISOM8600DFGR]

***** Feuille /Batterie_input3/
[lib_symbol_issues]: Symbole ISOM8600DFGR a été modifé en librairie '2026-04-27_21-45-18'
    ; Severity: warning
    @(105,4100 mm, 137,1600 mm): Symbole U9 [ISOM8600DFGR]
[lib_symbol_issues]: Symbole ISOM8600DFGR a été modifé en librairie '2026-04-27_21-45-18'
    ; Severity: warning
    @(105,4100 mm, 110,4900 mm): Symbole U7 [ISOM8600DFGR]

***** Feuille /température/
[multiple_net_names]: Mesure_cap2 et out_temp_cap2 sont attachés aux mêmes éléments.  Mesure_cap2 a été choisi comme label  en netliste
    ; Severity: warning
    @(166,3700 mm, 111,7600 mm): Label Hiérarchique 'Mesure_cap2'
    @(157,4800 mm, 109,2200 mm): Label Hiérarchique 'out_temp_cap2'
[multiple_net_names]: Mesure_cap1 et out_temp_cap1 sont attachés aux mêmes éléments.  Mesure_cap1 a été choisi comme label  en netliste
    ; Severity: warning
    @(147,3200 mm, 111,7600 mm): Label Hiérarchique 'Mesure_cap1'
    @(138,4300 mm, 109,2200 mm): Label Hiérarchique 'out_temp_cap1'
[multiple_net_names]: Mesure_cap3 et out_temp_cap3 sont attachés aux mêmes éléments.  Mesure_cap3 a été choisi comme label  en netliste
    ; Severity: warning
    @(190,5000 mm, 111,7600 mm): Label Hiérarchique 'Mesure_cap3'
    @(181,6100 mm, 109,2200 mm): Label Hiérarchique 'out_temp_cap3'
[multiple_net_names]: Mesure_cap4 et out_temp_cap4 sont attachés aux mêmes éléments.  Mesure_cap4 a été choisi comme label  en netliste
    ; Severity: warning
    @(214,6300 mm, 111,7600 mm): Label Hiérarchique 'Mesure_cap4'
    @(205,7400 mm, 109,2200 mm): Label Hiérarchique 'out_temp_cap4'
[multiple_net_names]: +3.3V et Capt_temp3 sont attachés aux mêmes éléments.  +3.3V a été choisi comme label  en netliste
    ; Severity: warning
    @(170,1800 mm, 91,4400 mm): Symbol #PWR032 Pin cachée 1 [+3.3V, Power input, Ligne]]
    @(182,8800 mm, 101,6000 mm): Label Hiérarchique 'Capt_temp3'

** messages ERC: 56  Erreurs 0  Avertissements 56
